LTspice 26.0.2 for Windows
Circuit: C:\Users\Guo_JT\Documents\LTspice\Draft6.net
Start Time: Fri Jun 12 23:04:46 2026
Options:reltol=3e-4 abstol=1e-9 vntol=1e-6 gmin=1e-12 cshunt=1e-12 numdgt=6
solver = Normal
Maximum thread count: 16
tnom = 27
temp = 27
method = trap
abstol = 1e-09
reltol = 0.0003
C7: Increased Cpar to 1e-10
Warning: Pd = 0 is less than W.
Warning: Ps = 0 is less than W.
d_d4: Emission coefficient, N=1e-06, too small, this might lead to numerical problems.
d_d1: Emission coefficient, N=0.001, too small, this might lead to numerical problems.
dd: Emission coefficient, N=0.001, too small, this might lead to numerical problems.
dclp: Emission coefficient, N=0.001, too small, this might lead to numerical problems.
Direct Newton iteration failed to find operating point.
Starting Gmin stepping
Gmin stepping succeeded in finding the operating point.


Simulation stopped by user.
Total elapsed time: 0.442 seconds.

Files loaded:
C:\Users\Guo_JT\Documents\LTspice\Draft6.net
C:\Users\Guo_JT\AppData\Local\LTspice\lib\cmp\standard.dio
C:\Users\Guo_JT\AppData\Local\LTspice\lib\cmp\standard.mos
C:\Users\Guo_JT\Documents\LTspice\LM5116_TRANS.LIB
C:\Users\Guo_JT\AppData\Local\LTspice\lib\sub\LTC.lib

