LTspice 26.0.2 for Windows
Circuit: C:\Users\Guo_JT\Desktop\LTspice_Prj\三极管基极关断电路验证.net
Start Time: Thu Sep 10 10:48:53 2026
C:\Users\Guo_JT\Desktop\LTspice_Prj\三极管基极关断电路验证.net(32): This pin name equals one of the port names of the sub-circuit, but at a different position. This is not a problem, but note that as a result none of the pin names may be used by any .meas expressions.
X§U1 N006 N004 0 TMBT3904 ;§pnba 3)1)2
                                 ^
C:\Users\Guo_JT\Desktop\LTspice_Prj\三极管基极关断电路验证.net(33): This pin name equals one of the port names of the sub-circuit, but at a different position. This is not a problem, but note that as a result none of the pin names may be used by any .meas expressions.
X§U2 N005 N007 0 TMBT3904 ;§pnba 3)1)2
                                 ^
C:\Users\Guo_JT\Desktop\LTspice_Prj\三极管基极关断电路验证.net(41): This pin name equals one of the port names of the sub-circuit, but at a different position. This is not a problem, but note that as a result none of the pin names may be used by any .meas expressions.
X§U3 N022 N020 0 TMBT3904 ;§pnba 3)1)2
                                 ^
C:\Users\Guo_JT\Desktop\LTspice_Prj\三极管基极关断电路验证.net(42): This pin name equals one of the port names of the sub-circuit, but at a different position. This is not a problem, but note that as a result none of the pin names may be used by any .meas expressions.
X§U4 N021 N023 0 T2N7002AK_G0_00 ;§pnba 3)1)2
                                        ^
solver = Normal
Maximum thread count: 16
tnom = 27
temp = 27
method = trap
.OP point found by inspection.
.OP point found by inspection.
Total elapsed time: 0.248 seconds.

Files loaded:
C:\Users\Guo_JT\Desktop\LTspice_Prj\三极管基极关断电路验证.net
C:\Users\Guo_JT\AppData\Local\LTspice\lib\cmp\standard.dio
C:\Users\Guo_JT\AppData\Local\LTspice\lib\cmp\standard.bjt
C:\Users\Guo_JT\AppData\Local\LTspice\lib\sub\Contrib\Toshiba\BJT\TMBT3904_enc.lib
C:\Users\Guo_JT\AppData\Local\LTspice\lib\sub\Contrib\Toshiba\LVMOS\T2N7002AK_G0_00_enc.lib

