LTspice 26.0.2 for Windows
Circuit: C:\Users\Guo_JT\Desktop\LTspice_Prj\过压保护电路\过压保护电路.net
Start Time: Sun Aug  2 21:35:00 2026
solver = Normal
Maximum thread count: 16
tnom = 27
temp = 27
method = trap
.OP point found by inspection.
Direct Newton iteration failed to find operating point.
Starting Gmin stepping
Gmin stepping succeeded in finding the operating point.

Direct Newton iteration failed to find operating point.
Starting Gmin stepping
Gmin stepping succeeded in finding the operating point.

Total elapsed time: 0.162 seconds.

Files loaded:
C:\Users\Guo_JT\Desktop\LTspice_Prj\过压保护电路\过压保护电路.net
C:\Users\Guo_JT\AppData\Local\LTspice\lib\cmp\standard.dio
C:\Users\Guo_JT\AppData\Local\LTspice\lib\cmp\standard.bjt
C:\Users\Guo_JT\AppData\Local\LTspice\lib\cmp\standard.mos

